// Jest Snapshot v1, https://goo.gl/fbAQLP

exports[`<BottomSheet /> test case Render <BottomSheet /> test case correctly 1`] = `
<div>
  <div
    class="css-1b64myx"
  >
    <div>
      <p>
        BottomSheet Test
      </p>
    </div>
  </div>
</div>
`;
